
> informate-nicaragua-final@2.0.0 build
> next build

   ▲ Next.js 15.3.9
   - Environments: .env.local

   Creating an optimized production build ...
 ✓ Compiled successfully in 6.0s
   Linting and checking validity of types ...

./app/admin/nueva/page.tsx
130:19  Warning: Unexpected any. Specify a different type.  @typescript-eslint/no-explicit-any
182:27  Warning: Unexpected any. Specify a different type.  @typescript-eslint/no-explicit-any
209:19  Warning: Unexpected any. Specify a different type.  @typescript-eslint/no-explicit-any
314:17  Warning: Using `<img>` could result in slower LCP and higher bandwidth. Consider using `<Image />` from `next/image` or a custom image loader to automatically optimize images. This may incur additional usage or cost from your provider. See: https://nextjs.org/docs/messages/no-img-element  @next/next/no-img-element

./app/admin/page.tsx
27:10  Warning: Unexpected any. Specify a different type.  @typescript-eslint/no-explicit-any

./app/api/admin/config/route.ts
54:38  Warning: Unexpected any. Specify a different type.  @typescript-eslint/no-explicit-any

./app/autor/keyling-eliet-rivera-munoz/page.tsx
55:11  Warning: Using `<img>` could result in slower LCP and higher bandwidth. Consider using `<Image />` from `next/image` or a custom image loader to automatically optimize images. This may incur additional usage or cost from your provider. See: https://nextjs.org/docs/messages/no-img-element  @next/next/no-img-element

./app/layout.tsx
107:9  Warning: Prefer `next/script` component when using the inline script for Google Analytics. See: https://nextjs.org/docs/messages/next-script-for-ga  @next/next/next-script-for-ga

./app/nosotros/page.tsx
112:15  Warning: Using `<img>` could result in slower LCP and higher bandwidth. Consider using `<Image />` from `next/image` or a custom image loader to automatically optimize images. This may incur additional usage or cost from your provider. See: https://nextjs.org/docs/messages/no-img-element  @next/next/no-img-element

./app/politica-editorial/page.tsx
124:11  Warning: Using `<img>` could result in slower LCP and higher bandwidth. Consider using `<Image />` from `next/image` or a custom image loader to automatically optimize images. This may incur additional usage or cost from your provider. See: https://nextjs.org/docs/messages/no-img-element  @next/next/no-img-element

./app/privacidad/page.tsx
15:9  Warning: Using `<img>` could result in slower LCP and higher bandwidth. Consider using `<Image />` from `next/image` or a custom image loader to automatically optimize images. This may incur additional usage or cost from your provider. See: https://nextjs.org/docs/messages/no-img-element  @next/next/no-img-element

./app/test-articulo/page.tsx
53:44  Warning: Unexpected any. Specify a different type.  @typescript-eslint/no-explicit-any
53:77  Warning: Unexpected any. Specify a different type.  @typescript-eslint/no-explicit-any
53:112  Warning: Unexpected any. Specify a different type.  @typescript-eslint/no-explicit-any

./components/AdSlot.tsx
29:40  Warning: Unexpected any. Specify a different type.  @typescript-eslint/no-explicit-any
59:23  Warning: Unexpected any. Specify a different type.  @typescript-eslint/no-explicit-any

./components/ArticleClient.tsx
563:32  Warning: Using `<img>` could result in slower LCP and higher bandwidth. Consider using `<Image />` from `next/image` or a custom image loader to automatically optimize images. This may incur additional usage or cost from your provider. See: https://nextjs.org/docs/messages/no-img-element  @next/next/no-img-element
783:21  Warning: Using `<img>` could result in slower LCP and higher bandwidth. Consider using `<Image />` from `next/image` or a custom image loader to automatically optimize images. This may incur additional usage or cost from your provider. See: https://nextjs.org/docs/messages/no-img-element  @next/next/no-img-element

./components/ArticleView.tsx
45:71  Warning: Unexpected any. Specify a different type.  @typescript-eslint/no-explicit-any
50:33  Warning: Unexpected any. Specify a different type.  @typescript-eslint/no-explicit-any
52:32  Warning: Unexpected any. Specify a different type.  @typescript-eslint/no-explicit-any
53:33  Warning: Unexpected any. Specify a different type.  @typescript-eslint/no-explicit-any
54:34  Warning: Unexpected any. Specify a different type.  @typescript-eslint/no-explicit-any
57:32  Warning: Unexpected any. Specify a different type.  @typescript-eslint/no-explicit-any
63:35  Warning: Unexpected any. Specify a different type.  @typescript-eslint/no-explicit-any
64:38  Warning: Unexpected any. Specify a different type.  @typescript-eslint/no-explicit-any
65:40  Warning: Unexpected any. Specify a different type.  @typescript-eslint/no-explicit-any
68:31  Warning: Unexpected any. Specify a different type.  @typescript-eslint/no-explicit-any
121:17  Warning: Using `<img>` could result in slower LCP and higher bandwidth. Consider using `<Image />` from `next/image` or a custom image loader to automatically optimize images. This may incur additional usage or cost from your provider. See: https://nextjs.org/docs/messages/no-img-element  @next/next/no-img-element
157:30  Warning: Unexpected any. Specify a different type.  @typescript-eslint/no-explicit-any
176:13  Warning: Using `<img>` could result in slower LCP and higher bandwidth. Consider using `<Image />` from `next/image` or a custom image loader to automatically optimize images. This may incur additional usage or cost from your provider. See: https://nextjs.org/docs/messages/no-img-element  @next/next/no-img-element
196:42  Warning: Unexpected any. Specify a different type.  @typescript-eslint/no-explicit-any
282:17  Warning: Using `<img>` could result in slower LCP and higher bandwidth. Consider using `<Image />` from `next/image` or a custom image loader to automatically optimize images. This may incur additional usage or cost from your provider. See: https://nextjs.org/docs/messages/no-img-element  @next/next/no-img-element
359:23  Warning: Using `<img>` could result in slower LCP and higher bandwidth. Consider using `<Image />` from `next/image` or a custom image loader to automatically optimize images. This may incur additional usage or cost from your provider. See: https://nextjs.org/docs/messages/no-img-element  @next/next/no-img-element

./components/AuthorBox.tsx
41:9  Warning: Using `<img>` could result in slower LCP and higher bandwidth. Consider using `<Image />` from `next/image` or a custom image loader to automatically optimize images. This may incur additional usage or cost from your provider. See: https://nextjs.org/docs/messages/no-img-element  @next/next/no-img-element

./components/HomePagePro.tsx
100:6  Warning: React Hook useEffect has a missing dependency: 'resetTimer'. Either include it or remove the dependency array.  react-hooks/exhaustive-deps
203:9  Warning: The 'heroNoticias' conditional could make the dependencies of useMemo Hook (at line 206) change on every render. To fix this, wrap the initialization of 'heroNoticias' in its own useMemo() Hook.  react-hooks/exhaustive-deps

./components/ShareBar.tsx
23:27  Warning: 'title' is defined but never used. Allowed unused args must match /^_/u.  @typescript-eslint/no-unused-vars

info  - Need to disable some ESLint rules? Learn more here: https://nextjs.org/docs/app/api-reference/config/eslint#disabling-rules
Failed to compile.

./components/ArticlePagePro.tsx:232:11
Type error: Type '{ authorName: string; authorPhoto: string | undefined; authorBio: string | undefined; authorSlug: string | undefined; publishedDate: string; updatedDate: string | undefined; }' is not assignable to type 'IntrinsicAttributes & AuthorCardProps'.
  Property 'authorName' does not exist on type 'IntrinsicAttributes & AuthorCardProps'.

[0m [90m 230 |[39m         {[90m/* Author Card */[39m}[0m
[0m [90m 231 |[39m         [33m<[39m[33mAuthorCard[39m[0m
[0m[31m[1m>[22m[39m[90m 232 |[39m           authorName[33m=[39m{displayAuthor}[0m
[0m [90m     |[39m           [31m[1m^[22m[39m[0m
[0m [90m 233 |[39m           authorPhoto[33m=[39m{authorPhoto}[0m
[0m [90m 234 |[39m           authorBio[33m=[39m{isKeyling [33m?[39m [32m'Directora Editorial — Nicaragua Informate. Licenciada en Periodismo. Especializada en cobertura de sucesos, noticias nacionales, deportes e internacionales. Comprometida con la verdad y la verificación de la información.'[39m [33m:[39m undefined}[0m
[0m [90m 235 |[39m           authorSlug[33m=[39m{authorSlug}[0m
Next.js build worker exited with code: 1 and signal: null
